I1110 01:20:11.828918 29727 containerizer.cpp:1480] Launching 'mesos-containerizer' with flags '--command=""{""shell"":true,""value"":""sleep 1000""}"" --help=""false"" --pipe_read=""65"" --pipe_write=""66"" --pre_exec_commands=""[]"" --runtime_directory=""/tmp/MesosContainerizer_DefaultExecutorTest_KillTask_0_wVf7JJ/containers/a283035b-25d3-4b48-b59a-964e5a4dfa06/containers/969c8095-ccfc-46d1-802d-4c55f0b66611"" --unshare_namespace_mnt=""false"" --user=""mesos"" --working_directory=""/tmp/MesosContainerizer_DefaultExecutorTest_KillTask_0_8sXOVD/slaves/d28fbae1-c3dc-45fa-8384-32ab9395a975-S0/frameworks/d28fbae1-c3dc-45fa-8384-32ab9395a975-0000/executors/default/runs/a283035b-25d3-4b48-b59a-964e5a4dfa06/containers/969c8095-ccfc-46d1-802d-4c55f0b66611""'
I1110 01:20:11.831428 29727 launcher.cpp:127] Forked child with pid '10241' for container 'a283035b-25d3-4b48-b59a-964e5a4dfa06.969c8095-ccfc-46d1-802d-4c55f0b66611'
I1110 01:20:11.834421 29731 fetcher.cpp:345] Starting to fetch URIs for container: a283035b-25d3-4b48-b59a-964e5a4dfa06.afdfa733-0ffd-4290-a69f-700b7d13cf6d, directory: /tmp/MesosContainerizer_DefaultExecutorTest_KillTask_0_8sXOVD/slaves/d28fbae1-c3dc-45fa-8384-32ab9395a975-S0/frameworks/d28fbae1-c3dc-45fa-8384-32ab9395a975-0000/executors/default/runs/a283035b-25d3-4b48-b59a-964e5a4dfa06/containers/afdfa733-0ffd-4290-a69f-700b7d13cf6d
I1110 01:20:11.837882 29731 fetcher.cpp:345] Starting to fetch URIs for container: a283035b-25d3-4b48-b59a-964e5a4dfa06.969c8095-ccfc-46d1-802d-4c55f0b66611, directory: /tmp/MesosContainerizer_DefaultExecutorTest_KillTask_0_8sXOVD/slaves/d28fbae1-c3dc-45fa-8384-32ab9395a975-S0/frameworks/d28fbae1-c3dc-45fa-8384-32ab9395a975-0000/executors/default/runs/a283035b-25d3-4b48-b59a-964e5a4dfa06/containers/969c8095-ccfc-46d1-802d-4c55f0b66611
I1110 01:20:11.847651 10227 default_executor.cpp:470] Successfully launched child containers [ a283035b-25d3-4b48-b59a-964e5a4dfa06.afdfa733-0ffd-4290-a69f-700b7d13cf6d, a283035b-25d3-4b48-b59a-964e5a4dfa06.969c8095-ccfc-46d1-802d-4c55f0b66611 ] for tasks [ c96eb523-0365-49b2-8b3b-78976ff28797, 08848440-4c0e-4ad6-a0a9-b5947c5d21ba ]
I1110 01:20:11.849225 29728 process.cpp:3570] Handling HTTP event for process 'slave(571)' with path: '/slave(571)/api/v1/executor'
I1110 01:20:11.850085 10226 default_executor.cpp:546] Waiting for child container a283035b-25d3-4b48-b59a-964e5a4dfa06.afdfa733-0ffd-4290-a69f-700b7d13cf6d of task 'c96eb523-0365-49b2-8b3b-78976ff28797'
I1110 01:20:11.850145 29734 process.cpp:3570] Handling HTTP event for process 'slave(571)' with path: '/slave(571)/api/v1/executor'
I1110 01:20:11.850405 10226 default_executor.cpp:546] Waiting for child container a283035b-25d3-4b48-b59a-964e5a4dfa06.969c8095-ccfc-46d1-802d-4c55f0b66611 of task '08848440-4c0e-4ad6-a0a9-b5947c5d21ba'
I1110 01:20:11.850746 29726 http.cpp:277] HTTP POST for /slave(571)/api/v1/executor from 172.17.0.3:54639
I1110 01:20:11.851114 29726 slave.cpp:3740] Handling status update TASK_RUNNING (UUID: d91c7deb-4646-4b4e-ba1a-5650a256e8d2) for task c96eb523-0365-49b2-8b3b-78976ff28797 of framework d28fbae1-c3dc-45fa-8384-32ab9395a975-0000
I1110 01:20:11.851552 29726 http.cpp:277] HTTP POST for /slave(571)/api/v1/executor from 172.17.0.3:54639
I1110 01:20:11.851727 29726 slave.cpp:3740] Handling status update TASK_RUNNING (UUID: 3b6a6ffd-d27d-4558-820e-fb9c95fa9f87) for task 08848440-4c0e-4ad6-a0a9-b5947c5d21ba of framework d28fbae1-c3dc-45fa-8384-32ab9395a975-0000
I1110 01:20:11.852295 29726 process.cpp:3570] Handling HTTP event for process 'slave(571)' with path: '/slave(571)/api/v1'
I1110 01:20:11.852826 29726 process.cpp:3570] Handling HTTP event for process 'slave(571)' with path: '/slave(571)/api/v1'
I1110 01:20:11.853938 29724 status_update_manager.cpp:323] Received status update TASK_RUNNING (UUID: 3b6a6ffd-d27d-4558-820e-fb9c95fa9f87) for task 08848440-4c0e-4ad6-a0a9-b5947c5d21ba of framework d28fbae1-c3dc-45fa-8384-32ab9395a975-0000
I1110 01:20:11.854076 29724 status_update_manager.cpp:500] Creating StatusUpdate stream for task 08848440-4c0e-4ad6-a0a9-b5947c5d21ba of framework d28fbae1-c3dc-45fa-8384-32ab9395a975-0000
I1110 01:20:11.854460 29726 http.cpp:277] HTTP POST for /slave(571)/api/v1 from 172.17.0.3:54641
I1110 01:20:11.854559 29726 http.cpp:353] Processing call WAIT_NESTED_CONTAINER
I1110 01:20:11.854610 29724 status_update_manager.cpp:377] Forwarding update TASK_RUNNING (UUID: 3b6a6ffd-d27d-4558-820e-fb9c95fa9f87) for task 08848440-4c0e-4ad6-a0a9-b5947c5d21ba of framework d28fbae1-c3dc-45fa-8384-32ab9395a975-0000 to the agent
I1110 01:20:11.855126 29724 status_update_manager.cpp:323] Received status update TASK_RUNNING (UUID: d91c7deb-4646-4b4e-ba1a-5650a256e8d2) for task c96eb523-0365-49b2-8b3b-78976ff28797 of framework d28fbae1-c3dc-45fa-8384-32ab9395a975-0000
I1110 01:20:11.855190 29724 status_update_manager.cpp:500] Creating StatusUpdate stream for task c96eb523-0365-49b2-8b3b-78976ff28797 of framework d28fbae1-c3dc-45fa-8384-32ab9395a975-0000
I1110 01:20:11.855200 29726 http.cpp:277] HTTP POST for /slave(571)/api/v1 from 172.17.0.3:54642
I1110 01:20:11.855409 29726 http.cpp:353] Processing call WAIT_NESTED_CONTAINER
I1110 01:20:11.855608 29724 status_update_manager.cpp:377] Forwarding update TASK_RUNNING (UUID: d91c7deb-4646-4b4e-ba1a-5650a256e8d2) for task c96eb523-0365-49b2-8b3b-78976ff28797 of framework d28fbae1-c3dc-45fa-8384-32ab9395a975-0000 to the agent
I1110 01:20:11.855803 29726 slave.cpp:4181] Forwarding the update TASK_RUNNING (UUID: 3b6a6ffd-d27d-4558-820e-fb9c95fa9f87) for task 08848440-4c0e-4ad6-a0a9-b5947c5d21ba of framework d28fbae1-c3dc-45fa-8384-32ab9395a975-0000 to master@172.17.0.3:52462
I1110 01:20:11.856199 29726 slave.cpp:4075] Status update manager successfully handled status update TASK_RUNNING (UUID: 3b6a6ffd-d27d-4558-820e-fb9c95fa9f87) for task 08848440-4c0e-4ad6-a0a9-b5947c5d21ba of framework d28fbae1-c3dc-45fa-8384-32ab9395a975-0000
I1110 01:20:11.856346 29725 master.cpp:5760] Status update TASK_RUNNING (UUID: 3b6a6ffd-d27d-4558-820e-fb9c95fa9f87) for task 08848440-4c0e-4ad6-a0a9-b5947c5d21ba of framework d28fbae1-c3dc-45fa-8384-32ab9395a975-0000 from agent d28fbae1-c3dc-45fa-8384-32ab9395a975-S0 at slave(571)@172.17.0.3:52462 (3a31be8bf679)
I1110 01:20:11.856439 29725 master.cpp:5822] Forwarding status update TASK_RUNNING (UUID: 3b6a6ffd-d27d-4558-820e-fb9c95fa9f87) for task 08848440-4c0e-4ad6-a0a9-b5947c5d21ba of framework d28fbae1-c3dc-45fa-8384-32ab9395a975-0000
I1110 01:20:11.856598 29726 slave.cpp:4181] Forwarding the update TASK_RUNNING (UUID: d91c7deb-4646-4b4e-ba1a-5650a256e8d2) for task c96eb523-0365-49b2-8b3b-78976ff28797 of framework d28fbae1-c3dc-45fa-8384-32ab9395a975-0000 to master@172.17.0.3:52462
I1110 01:20:11.856828 29726 slave.cpp:4075] Status update manager successfully handled status update TASK_RUNNING (UUID: d91c7deb-4646-4b4e-ba1a-5650a256e8d2) for task c96eb523-0365-49b2-8b3b-78976ff28797 of framework d28fbae1-c3dc-45fa-8384-32ab9395a975-0000
I1110 01:20:11.856998 29725 master.cpp:7715] Updating the state of task 08848440-4c0e-4ad6-a0a9-b5947c5d21ba of framework d28fbae1-c3dc-45fa-8384-32ab9395a975-0000 (latest state: TASK_RUNNING, status update state: TASK_RUNNING)
I1110 01:20:11.857322 29725 master.cpp:5760] Status update TASK_RUNNING (UUID: d91c7deb-4646-4b4e-ba1a-5650a256e8d2) for task c96eb523-0365-49b2-8b3b-78976ff28797 of framework d28fbae1-c3dc-45fa-8384-32ab9395a975-0000 from agent d28fbae1-c3dc-45fa-8384-32ab9395a975-S0 at slave(571)@172.17.0.3:52462 (3a31be8bf679)
I1110 01:20:11.857386 29725 master.cpp:5822] Forwarding status update TASK_RUNNING (UUID: d91c7deb-4646-4b4e-ba1a-5650a256e8d2) for task c96eb523-0365-49b2-8b3b-78976ff28797 of framework d28fbae1-c3dc-45fa-8384-32ab9395a975-0000
I1110 01:20:11.857787 29725 master.cpp:7715] Updating the state of task c96eb523-0365-49b2-8b3b-78976ff28797 of framework d28fbae1-c3dc-45fa-8384-32ab9395a975-0000 (latest state: TASK_RUNNING, status update state: TASK_RUNNING)
I1110 01:20:11.858124 10226 default_executor.cpp:130] Received ACKNOWLEDGED event
I1110 01:20:11.858530 29725 scheduler.cpp:675] Enqueuing event UPDATE received from http://172.17.0.3:52462/master/api/v1/scheduler
I1110 01:20:11.859519 29732 scheduler.cpp:675] Enqueuing event UPDATE received from http://172.17.0.3:52462/master/api/v1/scheduler
I1110 01:20:11.859676 10233 default_executor.cpp:130] Received ACKNOWLEDGED event
../../src/tests/default_executor_tests.cpp:338: Failure
Value of: runningUpdate1->status().task_id()
  Actual: 08848440-4c0e-4ad6-a0a9-b5947c5d21ba
Expected: taskInfo1.task_id()
Which is: c96eb523-0365-49b2-8b3b-78976ff28797
../../src/tests/default_executor_tests.cpp:342: Failure
Value of: runningUpdate2->status().task_id()
  Actual: c96eb523-0365-49b2-8b3b-78976ff28797
Expected: taskInfo2.task_id()
Which is: 08848440-4c0e-4ad6-a0a9-b5947c5d21ba
I1110 01:20:11.861587 29733 scheduler.cpp:235] Sending ACKNOWLEDGE call to http://172.17.0.3:52462/master/api/v1/scheduler
I1110 01:20:11.861948 29733 scheduler.cpp:235] Sending ACKNOWLEDGE call to http://172.17.0.3:52462/master/api/v1/scheduler
I1110 01:20:11.862280 29733 scheduler.cpp:235] Sending KILL call to http://172.17.0.3:52462/master/api/v1/scheduler
I1110 01:20:11.862632 29721 process.cpp:3570] Handling HTTP event for process 'master' with path: '/master/api/v1/scheduler'
I1110 01:20:11.863528 29719 http.cpp:391] HTTP POST for /master/api/v1/scheduler from 172.17.0.3:54634
I1110 01:20:11.863664 29719 master.cpp:4870] Processing ACKNOWLEDGE call 3b6a6ffd-d27d-4558-820e-fb9c95fa9f87 for task c96eb523-0365-49b2-8b3b-78976ff28797 of framework d28fbae1-c3dc-45fa-8384-32ab9395a975-0000 (default) on agent d28fbae1-c3dc-45fa-8384-32ab9395a975-S0
I1110 01:20:11.864003 29732 status_update_manager.cpp:395] Received status update acknowledgement (UUID: 3b6a6ffd-d27d-4558-820e-fb9c95fa9f87) for task c96eb523-0365-49b2-8b3b-78976ff28797 of framework d28fbae1-c3dc-45fa-8384-32ab9395a975-0000
W1110 01:20:11.864294 29732 status_update_manager.cpp:769] Unexpected status update acknowledgement (received 3b6a6ffd-d27d-4558-820e-fb9c95fa9f87, expecting d91c7deb-4646-4b4e-ba1a-5650a256e8d2) for update TASK_RUNNING (UUID: d91c7deb-4646-4b4e-ba1a-5650a256e8d2) for task c96eb523-0365-49b2-8b3b-78976ff28797 of framework d28fbae1-c3dc-45fa-8384-32ab9395a975-0000
E1110 01:20:11.864575 29726 slave.cpp:3015] Failed to handle status update acknowledgement (UUID: 3b6a6ffd-d27d-4558-820e-fb9c95fa9f87) for task c96eb523-0365-49b2-8b3b-78976ff28797 of framework d28fbae1-c3dc-45fa-8384-32ab9395a975-0000: Duplicate acknowledgement
I1110 01:20:11.864804 29723 process.cpp:3570] Handling HTTP event for process 'master' with path: '/master/api/v1/scheduler'
I1110 01:20:11.865231 29723 process.cpp:3570] Handling HTTP event for process 'master' with path: '/master/api/v1/scheduler'
I1110 01:20:11.866297 29722 http.cpp:391] HTTP POST for /master/api/v1/scheduler from 172.17.0.3:54634
I1110 01:20:11.866420 29722 master.cpp:4870] Processing ACKNOWLEDGE call d91c7deb-4646-4b4e-ba1a-5650a256e8d2 for task 08848440-4c0e-4ad6-a0a9-b5947c5d21ba of framework d28fbae1-c3dc-45fa-8384-32ab9395a975-0000 (default) on agent d28fbae1-c3dc-45fa-8384-32ab9395a975-S0
I1110 01:20:11.867036 29726 status_update_manager.cpp:395] Received status update acknowledgement (UUID: d91c7deb-4646-4b4e-ba1a-5650a256e8d2) for task 08848440-4c0e-4ad6-a0a9-b5947c5d21ba of framework d28fbae1-c3dc-45fa-8384-32ab9395a975-0000
I1110 01:20:11.867076 29722 http.cpp:391] HTTP POST for /master/api/v1/scheduler from 172.17.0.3:54634
I1110 01:20:11.867291 29722 master.cpp:4762] Telling agent d28fbae1-c3dc-45fa-8384-32ab9395a975-S0 at slave(571)@172.17.0.3:52462 (3a31be8bf679) to kill task c96eb523-0365-49b2-8b3b-78976ff28797 of framework d28fbae1-c3dc-45fa-8384-32ab9395a975-0000 (default)
W1110 01:20:11.867297 29726 status_update_manager.cpp:769] Unexpected status update acknowledgement (received d91c7deb-4646-4b4e-ba1a-5650a256e8d2, expecting 3b6a6ffd-d27d-4558-820e-fb9c95fa9f87) for update TASK_RUNNING (UUID: 3b6a6ffd-d27d-4558-820e-fb9c95fa9f87) for task 08848440-4c0e-4ad6-a0a9-b5947c5d21ba of framework d28fbae1-c3dc-45fa-8384-32ab9395a975-0000
I1110 01:20:11.867449 29733 slave.cpp:2344] Asked to kill task c96eb523-0365-49b2-8b3b-78976ff28797 of framework d28fbae1-c3dc-45fa-8384-32ab9395a975-0000
E1110 01:20:11.867710 29733 slave.cpp:3015] Failed to handle status update acknowledgement (UUID: d91c7deb-4646-4b4e-ba1a-5650a256e8d2) for task 08848440-4c0e-4ad6-a0a9-b5947c5d21ba of framework d28fbae1-c3dc-45fa-8384-32ab9395a975-0000: Duplicate acknowledgement
I1110 01:20:11.869391 10228 default_executor.cpp:130] Received KILL event
I1110 01:20:11.869498 10228 default_executor.cpp:810] Received kill for task 'c96eb523-0365-49b2-8b3b-78976ff28797'
I1110 01:20:11.869544 10228 default_executor.cpp:694] Shutting down
I1110 01:20:11.870112 10221 default_executor.cpp:782] Killing child container a283035b-25d3-4b48-b59a-964e5a4dfa06.afdfa733-0ffd-4290-a69f-700b7d13cf6d
I1110 01:20:11.870338 10221 default_executor.cpp:782] Killing child container a283035b-25d3-4b48-b59a-964e5a4dfa06.969c8095-ccfc-46d1-802d-4c55f0b66611
I1110 01:20:11.870965 29729 process.cpp:3570] Handling HTTP event for process 'slave(571)' with path: '/slave(571)/api/v1'
I1110 01:20:11.871399 29730 process.cpp:3570] Handling HTTP event for process 'slave(571)' with path: '/slave(571)/api/v1'
I1110 01:20:11.871984 29723 http.cpp:277] HTTP POST for /slave(571)/api/v1 from 172.17.0.3:54643
I1110 01:20:11.872088 29723 http.cpp:353] Processing call KILL_NESTED_CONTAINER
I1110 01:20:11.872284 29726 containerizer.cpp:1973] Destroying container a283035b-25d3-4b48-b59a-964e5a4dfa06.afdfa733-0ffd-4290-a69f-700b7d13cf6d in RUNNING state
I1110 01:20:11.872340 29723 http.cpp:277] HTTP POST for /slave(571)/api/v1 from 172.17.0.3:54643
I1110 01:20:11.872416 29723 http.cpp:353] Processing call KILL_NESTED_CONTAINER
I1110 01:20:11.872597 29726 launcher.cpp:143] Asked to destroy container a283035b-25d3-4b48-b59a-964e5a4dfa06.afdfa733-0ffd-4290-a69f-700b7d13cf6d
I1110 01:20:11.877090 29726 containerizer.cpp:1973] Destroying container a283035b-25d3-4b48-b59a-964e5a4dfa06.969c8095-ccfc-46d1-802d-4c55f0b66611 in RUNNING state
I1110 01:20:11.877320 29726 launcher.cpp:143] Asked to destroy container a283035b-25d3-4b48-b59a-964e5a4dfa06.969c8095-ccfc-46d1-802d-4c55f0b66611
I1110 01:20:11.962539 29729 containerizer.cpp:2336] Container a283035b-25d3-4b48-b59a-964e5a4dfa06.afdfa733-0ffd-4290-a69f-700b7d13cf6d has exited
I1110 01:20:11.963811 29733 provisioner.cpp:324] Ignoring destroy request for unknown container a283035b-25d3-4b48-b59a-964e5a4dfa06.afdfa733-0ffd-4290-a69f-700b7d13cf6d
I1110 01:20:11.963851 29729 containerizer.cpp:2336] Container a283035b-25d3-4b48-b59a-964e5a4dfa06.969c8095-ccfc-46d1-802d-4c55f0b66611 has exited
I1110 01:20:11.964437 29729 containerizer.cpp:2252] Checkpointing termination state to nested container's runtime directory '/tmp/MesosContainerizer_DefaultExecutorTest_KillTask_0_wVf7JJ/containers/a283035b-25d3-4b48-b59a-964e5a4dfa06/containers/afdfa733-0ffd-4290-a69f-700b7d13cf6d/termination'
I1110 01:20:11.965940 29728 provisioner.cpp:324] Ignoring destroy request for unknown container a283035b-25d3-4b48-b59a-964e5a4dfa06.969c8095-ccfc-46d1-802d-4c55f0b66611
I1110 01:20:11.966202 29732 containerizer.cpp:2252] Checkpointing termination state to nested container's runtime directory '/tmp/MesosContainerizer_DefaultExecutorTest_KillTask_0_wVf7JJ/containers/a283035b-25d3-4b48-b59a-964e5a4dfa06/containers/969c8095-ccfc-46d1-802d-4c55f0b66611/termination'
I1110 01:20:11.970046 10231 default_executor.cpp:663] Successfully waited for child container a283035b-25d3-4b48-b59a-964e5a4dfa06.afdfa733-0ffd-4290-a69f-700b7d13cf6d of task 'c96eb523-0365-49b2-8b3b-78976ff28797' in state TASK_KILLED
I1110 01:20:11.970501 10231 default_executor.cpp:663] Successfully waited for child container a283035b-25d3-4b48-b59a-964e5a4dfa06.969c8095-ccfc-46d1-802d-4c55f0b66611 of task '08848440-4c0e-4ad6-a0a9-b5947c5d21ba' in state TASK_KILLED
I1110 01:20:11.970559 10231 default_executor.cpp:768] Terminating after 1secs
I1110 01:20:11.971288 29723 process.cpp:3570] Handling HTTP event for process 'slave(571)' with path: '/slave(571)/api/v1/executor'
I1110 01:20:11.972218 29728 http.cpp:277] HTTP POST for /slave(571)/api/v1/executor from 172.17.0.3:54639
I1110 01:20:11.972488 29728 slave.cpp:3740] Handling status update TASK_KILLED (UUID: 48f76bc6-3855-40fc-b22b-e26b1048fc89) for task c96eb523-0365-49b2-8b3b-78976ff28797 of framework d28fbae1-c3dc-45fa-8384-32ab9395a975-0000
I1110 01:20:11.974179 29719 process.cpp:3570] Handling HTTP event for process 'slave(571)' with path: '/slave(571)/api/v1/executor'
I1110 01:20:11.975229 29726 status_update_manager.cpp:323] Received status update TASK_KILLED (UUID: 48f76bc6-3855-40fc-b22b-e26b1048fc89) for task c96eb523-0365-49b2-8b3b-78976ff28797 of framework d28fbae1-c3dc-45fa-8384-32ab9395a975-0000
I1110 01:20:11.975278 29729 http.cpp:277] HTTP POST for /slave(571)/api/v1/executor from 172.17.0.3:54639
I1110 01:20:11.975517 29729 slave.cpp:3740] Handling status update TASK_KILLED (UUID: a3be1364-0830-4dd3-8be5-2bbbafde1029) for task 08848440-4c0e-4ad6-a0a9-b5947c5d21ba of framework d28fbae1-c3dc-45fa-8384-32ab9395a975-0000
I1110 01:20:11.976048 29729 slave.cpp:4075] Status update manager successfully handled status update TASK_KILLED (UUID: 48f76bc6-3855-40fc-b22b-e26b1048fc89) for task c96eb523-0365-49b2-8b3b-78976ff28797 of framework d28fbae1-c3dc-45fa-8384-32ab9395a975-0000
I1110 01:20:11.978132 29720 status_update_manager.cpp:323] Received status update TASK_KILLED (UUID: a3be1364-0830-4dd3-8be5-2bbbafde1029) for task 08848440-4c0e-4ad6-a0a9-b5947c5d21ba of framework d28fbae1-c3dc-45fa-8384-32ab9395a975-0000
I1110 01:20:11.978482 29725 slave.cpp:4075] Status update manager successfully handled status update TASK_KILLED (UUID: a3be1364-0830-4dd3-8be5-2bbbafde1029) for task 08848440-4c0e-4ad6-a0a9-b5947c5d21ba of framework d28fbae1-c3dc-45fa-8384-32ab9395a975-0000
I1110 01:20:12.494274 29725 hierarchical.cpp:1880] Filtered offer with cpus(*):1.7; mem(*):928; disk(*):928; ports(*):[31000-32000] on agent d28fbae1-c3dc-45fa-8384-32ab9395a975-S0 for framework d28fbae1-c3dc-45fa-8384-32ab9395a975-0000
I1110 01:20:12.494357 29725 hierarchical.cpp:1694] No allocations performed
I1110 01:20:12.494402 29725 hierarchical.cpp:1789] No inverse offers to send out!
I1110 01:20:12.494491 29725 hierarchical.cpp:1286] Performed allocation for 1 agents in 915780ns
I1110 01:20:13.071280 29734 containerizer.cpp:2336] Container a283035b-25d3-4b48-b59a-964e5a4dfa06 has exited
I1110 01:20:13.071339 29734 containerizer.cpp:1973] Destroying container a283035b-25d3-4b48-b59a-964e5a4dfa06 in RUNNING state
I1110 01:20:13.071746 29734 launcher.cpp:143] Asked to destroy container a283035b-25d3-4b48-b59a-964e5a4dfa06
I1110 01:20:13.076637 29723 provisioner.cpp:324] Ignoring destroy request for unknown container a283035b-25d3-4b48-b59a-964e5a4dfa06
I1110 01:20:13.077929 29721 slave.cpp:4672] Executor 'default' of framework d28fbae1-c3dc-45fa-8384-32ab9395a975-0000 exited with status 0
I1110 01:20:13.078433 29732 master.cpp:5884] Executor 'default' of framework d28fbae1-c3dc-45fa-8384-32ab9395a975-0000 on agent d28fbae1-c3dc-45fa-8384-32ab9395a975-S0 at slave(571)@172.17.0.3:52462 (3a31be8bf679): exited with status 0
I1110 01:20:13.078538 29732 master.cpp:7840] Removing executor 'default' with resources cpus(*):0.1; mem(*):32; disk(*):32 of framework d28fbae1-c3dc-45fa-8384-32ab9395a975-0000 on agent d28fbae1-c3dc-45fa-8384-32ab9395a975-S0 at slave(571)@172.17.0.3:52462 (3a31be8bf679)
I1110 01:20:13.079448 29730 hierarchical.cpp:1018] Recovered cpus(*):0.1; mem(*):32; disk(*):32 (total: cpus(*):2; mem(*):1024; disk(*):1024; ports(*):[31000-32000], allocated: cpus(*):0.2; mem(*):64; disk(*):64) on agent d28fbae1-c3dc-45fa-8384-32ab9395a975-S0 from framework d28fbae1-c3dc-45fa-8384-32ab9395a975-0000
I1110 01:20:13.081049 29723 scheduler.cpp:675] Enqueuing event FAILURE received from http://172.17.0.3:52462/master/api/v1/scheduler

GMOCK WARNING:
Uninteresting mock function call - returning directly.
    Function call: failure(0x7fff1aa9a950, @0x2ab91c02dd10 48-byte object <90-62 27-EC B8-2A 00-00 00-00 00-00 00-00 00-00 07-00 00-00 00-00 00-00 10-CE 01-1C B9-2A 00-00 70-CE 02-1C B9-2A 00-00 00-00 00-00 B8-2A 00-00>)
Stack trace:
I1110 01:20:13.496551 29730 hierarchical.cpp:1789] No inverse offers to send out!
I1110 01:20:13.496680 29730 hierarchical.cpp:1286] Performed allocation for 1 agents in 1.498625ms
I1110 01:20:13.497339 29729 master.cpp:6574] Sending 1 offers to framework d28fbae1-c3dc-45fa-8384-32ab9395a975-0000 (default)
I1110 01:20:13.499797 29721 scheduler.cpp:675] Enqueuing event OFFERS received from http://172.17.0.3:52462/master/api/v1/scheduler
I1110 01:20:14.497707 29732 hierarchical.cpp:1694] No allocations performed
I1110 01:20:14.497795 29732 hierarchical.cpp:1789] No inverse offers to send out!
I1110 01:20:14.497895 29732 hierarchical.cpp:1286] Performed allocation for 1 agents in 410313ns
I1110 01:20:15.499423 29728 hierarchical.cpp:1694] No allocations performed
I1110 01:20:15.499526 29728 hierarchical.cpp:1789] No inverse offers to send out!
I1110 01:20:15.499658 29728 hierarchical.cpp:1286] Performed allocation for 1 agents in 547651ns
I1110 01:20:16.500463 29729 hierarchical.cpp:1694] No allocations performed
I1110 01:20:16.500581 29729 hierarchical.cpp:1789] No inverse offers to send out!
I1110 01:20:16.500699 29729 hierarchical.cpp:1286] Performed allocation for 1 agents in 505442ns
I1110 01:20:17.502176 29727 hierarchical.cpp:1694] No allocations performed
I1110 01:20:17.502262 29727 hierarchical.cpp:1789] No inverse offers to send out!
I1110 01:20:17.502367 29727 hierarchical.cpp:1286] Performed allocation for 1 agents in 464526ns
I1110 01:20:18.503680 29723 hierarchical.cpp:1694] No allocations performed
I1110 01:20:18.503762 29723 hierarchical.cpp:1789] No inverse offers to send out!
I1110 01:20:18.503851 29723 hierarchical.cpp:1286] Performed allocation for 1 agents in 425163ns
I1110 01:20:19.505476 29723 hierarchical.cpp:1694] No allocations performed
I1110 01:20:19.505586 29723 hierarchical.cpp:1789] No inverse offers to send out!
I1110 01:20:19.505705 29723 hierarchical.cpp:1286] Performed allocation for 1 agents in 590762ns
I1110 01:20:20.507310 29724 hierarchical.cpp:1694] No allocations performed
I1110 01:20:20.507390 29724 hierarchical.cpp:1789] No inverse offers to send out!
I1110 01:20:20.507477 29724 hierarchical.cpp:1286] Performed allocation for 1 agents in 411721ns
I1110 01:20:21.508368 29729 hierarchical.cpp:1694] No allocations performed
I1110 01:20:21.508458 29729 hierarchical.cpp:1789] No inverse offers to send out!
I1110 01:20:21.508564 29729 hierarchical.cpp:1286] Performed allocation for 1 agents in 432440ns
W1110 01:20:21.855908 29728 status_update_manager.cpp:478] Resending status update TASK_RUNNING (UUID: 3b6a6ffd-d27d-4558-820e-fb9c95fa9f87) for task 08848440-4c0e-4ad6-a0a9-b5947c5d21ba of framework d28fbae1-c3dc-45fa-8384-32ab9395a975-0000
I1110 01:20:21.856066 29728 status_update_manager.cpp:377] Forwarding update TASK_RUNNING (UUID: 3b6a6ffd-d27d-4558-820e-fb9c95fa9f87) for task 08848440-4c0e-4ad6-a0a9-b5947c5d21ba of framework d28fbae1-c3dc-45fa-8384-32ab9395a975-0000 to the agent
I1110 01:20:21.856652 29734 slave.cpp:4181] Forwarding the update TASK_RUNNING (UUID: 3b6a6ffd-d27d-4558-820e-fb9c95fa9f87) for task 08848440-4c0e-4ad6-a0a9-b5947c5d21ba of framework d28fbae1-c3dc-45fa-8384-32ab9395a975-0000 to master@172.17.0.3:52462
W1110 01:20:21.857002 29727 status_update_manager.cpp:478] Resending status update TASK_RUNNING (UUID: d91c7deb-4646-4b4e-ba1a-5650a256e8d2) for task c96eb523-0365-49b2-8b3b-78976ff28797 of framework d28fbae1-c3dc-45fa-8384-32ab9395a975-0000
I1110 01:20:21.857069 29727 status_update_manager.cpp:377] Forwarding update TASK_RUNNING (UUID: d91c7deb-4646-4b4e-ba1a-5650a256e8d2) for task c96eb523-0365-49b2-8b3b-78976ff28797 of framework d28fbae1-c3dc-45fa-8384-32ab9395a975-0000 to the agent
I1110 01:20:21.857378 29733 master.cpp:5760] Status update TASK_RUNNING (UUID: 3b6a6ffd-d27d-4558-820e-fb9c95fa9f87) for task 08848440-4c0e-4ad6-a0a9-b5947c5d21ba of framework d28fbae1-c3dc-45fa-8384-32ab9395a975-0000 from agent d28fbae1-c3dc-45fa-8384-32ab9395a975-S0 at slave(571)@172.17.0.3:52462 (3a31be8bf679)
I1110 01:20:21.857475 29733 master.cpp:5822] Forwarding status update TASK_RUNNING (UUID: 3b6a6ffd-d27d-4558-820e-fb9c95fa9f87) for task 08848440-4c0e-4ad6-a0a9-b5947c5d21ba of framework d28fbae1-c3dc-45fa-8384-32ab9395a975-0000
I1110 01:20:21.857662 29722 slave.cpp:4181] Forwarding the update TASK_RUNNING (UUID: d91c7deb-4646-4b4e-ba1a-5650a256e8d2) for task c96eb523-0365-49b2-8b3b-78976ff28797 of framework d28fbae1-c3dc-45fa-8384-32ab9395a975-0000 to master@172.17.0.3:52462
I1110 01:20:21.858206 29733 master.cpp:7715] Updating the state of task 08848440-4c0e-4ad6-a0a9-b5947c5d21ba of framework d28fbae1-c3dc-45fa-8384-32ab9395a975-0000 (latest state: TASK_KILLED, status update state: TASK_RUNNING)
I1110 01:20:21.858988 29733 master.cpp:5760] Status update TASK_RUNNING (UUID: d91c7deb-4646-4b4e-ba1a-5650a256e8d2) for task c96eb523-0365-49b2-8b3b-78976ff28797 of framework d28fbae1-c3dc-45fa-8384-32ab9395a975-0000 from agent d28fbae1-c3dc-45fa-8384-32ab9395a975-S0 at slave(571)@172.17.0.3:52462 (3a31be8bf679)
I1110 01:20:21.859259 29733 master.cpp:5822] Forwarding status update TASK_RUNNING (UUID: d91c7deb-4646-4b4e-ba1a-5650a256e8d2) for task c96eb523-0365-49b2-8b3b-78976ff28797 of framework d28fbae1-c3dc-45fa-8384-32ab9395a975-0000
I1110 01:20:21.859647 29725 hierarchical.cpp:1018] Recovered cpus(*):0.1; mem(*):32; disk(*):32 (total: cpus(*):2; mem(*):1024; disk(*):1024; ports(*):[31000-32000], allocated: cpus(*):1.9; mem(*):992; disk(*):992; ports(*):[31000-32000]) on agent d28fbae1-c3dc-45fa-8384-32ab9395a975-S0 from framework d28fbae1-c3dc-45fa-8384-32ab9395a975-0000
I1110 01:20:21.859845 29725 scheduler.cpp:675] Enqueuing event UPDATE received from http://172.17.0.3:52462/master/api/v1/scheduler
I1110 01:20:21.859979 29733 master.cpp:7715] Updating the state of task c96eb523-0365-49b2-8b3b-78976ff28797 of framework d28fbae1-c3dc-45fa-8384-32ab9395a975-0000 (latest state: TASK_KILLED, status update state: TASK_RUNNING)
I1110 01:20:21.860970 29729 hierarchical.cpp:1018] Recovered cpus(*):0.1; mem(*):32; disk(*):32 (total: cpus(*):2; mem(*):1024; disk(*):1024; ports(*):[31000-32000], allocated: cpus(*):1.8; mem(*):960; disk(*):960; ports(*):[31000-32000]) on agent d28fbae1-c3dc-45fa-8384-32ab9395a975-S0 from framework d28fbae1-c3dc-45fa-8384-32ab9395a975-0000
I1110 01:20:21.861687 29725 scheduler.cpp:675] Enqueuing event UPDATE received from http://172.17.0.3:52462/master/api/v1/scheduler
../../src/tests/default_executor_tests.cpp:400: Failure
Value of: killedUpdate1->status().state()
  Actual: TASK_RUNNING
Expected: TASK_KILLED
I1110 01:20:21.864666 29721 master.cpp:1297] Framework d28fbae1-c3dc-45fa-8384-32ab9395a975-0000 (default) disconnected
I1110 01:20:21.864765 29721 master.cpp:2918] Disconnecting framework d28fbae1-c3dc-45fa-8384-32ab9395a975-0000 (default)
I1110 01:20:21.864820 29721 master.cpp:2942] Deactivating framework d28fbae1-c3dc-45fa-8384-32ab9395a975-0000 (default)
I1110 01:20:21.865016 29732 hierarchical.cpp:386] Deactivated framework d28fbae1-c3dc-45fa-8384-32ab9395a975-0000
W1110 01:20:21.865586 29721 master.hpp:2264] Master attempted to send message to disconnected framework d28fbae1-c3dc-45fa-8384-32ab9395a975-0000 (default)
W1110 01:20:21.865691 29721 master.hpp:2270] Unable to send event to framework d28fbae1-c3dc-45fa-8384-32ab9395a975-0000 (default): connection closed
I1110 01:20:21.865777 29721 master.cpp:1310] Giving framework d28fbae1-c3dc-45fa-8384-32ab9395a975-0000 (default) 0ns to failover
I1110 01:20:21.866277 29728 hierarchical.cpp:1018] Recovered cpus(*):1.8; mem(*):960; disk(*):960; ports(*):[31000-32000] (total: cpus(*):2; mem(*):1024; disk(*):1024; ports(*):[31000-32000], allocated: {}) on agent d28fbae1-c3dc-45fa-8384-32ab9395a975-S0 from framework d28fbae1-c3dc-45fa-8384-32ab9395a975-0000
I1110 01:20:21.867295 29733 master.cpp:6426] Framework failover timeout, removing framework d28fbae1-c3dc-45fa-8384-32ab9395a975-0000 (default)
I1110 01:20:21.867328 29733 master.cpp:7170] Removing framework d28fbae1-c3dc-45fa-8384-32ab9395a975-0000 (default)
I1110 01:20:21.867539 29733 master.cpp:7715] Updating the state of task 08848440-4c0e-4ad6-a0a9-b5947c5d21ba of framework d28fbae1-c3dc-45fa-8384-32ab9395a975-0000 (latest state: TASK_KILLED, status update state: TASK_KILLED)
I1110 01:20:21.867559 29731 slave.cpp:2575] Asked to shut down framework d28fbae1-c3dc-45fa-8384-32ab9395a975-0000 by master@172.17.0.3:52462
I1110 01:20:21.867617 29731 slave.cpp:2600] Shutting down framework d28fbae1-c3dc-45fa-8384-32ab9395a975-0000
I1110 01:20:21.867585 29733 master.cpp:7811] Removing task 08848440-4c0e-4ad6-a0a9-b5947c5d21ba with resources cpus(*):0.1; mem(*):32; disk(*):32 of framework d28fbae1-c3dc-45fa-8384-32ab9395a975-0000 on agent d28fbae1-c3dc-45fa-8384-32ab9395a975-S0 at slave(571)@172.17.0.3:52462 (3a31be8bf679)
I1110 01:20:21.867707 29731 slave.cpp:4776] Cleaning up executor 'default' of framework d28fbae1-c3dc-45fa-8384-32ab9395a975-0000 (via HTTP)
I1110 01:20:21.867904 29733 master.cpp:7715] Updating the state of task c96eb523-0365-49b2-8b3b-78976ff28797 of framework d28fbae1-c3dc-45fa-8384-32ab9395a975-0000 (latest state: TASK_KILLED, status update state: TASK_KILLED)
I1110 01:20:21.868042 29729 gc.cpp:55] Scheduling '/tmp/MesosContainerizer_DefaultExecutorTest_KillTask_0_8sXOVD/slaves/d28fbae1-c3dc-45fa-8384-32ab9395a975-S0/frameworks/d28fbae1-c3dc-45fa-8384-32ab9395a975-0000/executors/default/runs/a283035b-25d3-4b48-b59a-964e5a4dfa06' for gc 6.99998999732444days in the future
I1110 01:20:21.867939 29733 master.cpp:7811] Removing task c96eb523-0365-49b2-8b3b-78976ff28797 with resources cpus(*):0.1; mem(*):32; disk(*):32 of framework d28fbae1-c3dc-45fa-8384-32ab9395a975-0000 on agent d28fbae1-c3dc-45fa-8384-32ab9395a975-S0 at slave(571)@172.17.0.3:52462 (3a31be8bf679)
I1110 01:20:21.868232 29731 slave.cpp:4864] Cleaning up framework d28fbae1-c3dc-45fa-8384-32ab9395a975-0000
I1110 01:20:21.868252 29729 gc.cpp:55] Scheduling '/tmp/MesosContainerizer_DefaultExecutorTest_KillTask_0_8sXOVD/slaves/d28fbae1-c3dc-45fa-8384-32ab9395a975-S0/frameworks/d28fbae1-c3dc-45fa-8384-32ab9395a975-0000/executors/default' for gc 6.99998999732444days in the future
I1110 01:20:21.868422 29725 status_update_manager.cpp:285] Closing status update streams for framework d28fbae1-c3dc-45fa-8384-32ab9395a975-0000
I1110 01:20:21.868484 29725 status_update_manager.cpp:531] Cleaning up status update stream for task c96eb523-0365-49b2-8b3b-78976ff28797 of framework d28fbae1-c3dc-45fa-8384-32ab9395a975-0000
I1110 01:20:21.868777 29721 gc.cpp:55] Scheduling '/tmp/MesosContainerizer_DefaultExecutorTest_KillTask_0_8sXOVD/slaves/d28fbae1-c3dc-45fa-8384-32ab9395a975-S0/frameworks/d28fbae1-c3dc-45fa-8384-32ab9395a975-0000' for gc 6.99998999732444days in the future
I1110 01:20:21.868926 29720 hierarchical.cpp:337] Removed framework d28fbae1-c3dc-45fa-8384-32ab9395a975-0000
I1110 01:20:21.869235 29725 status_update_manager.cpp:531] Cleaning up status update stream for task 08848440-4c0e-4ad6-a0a9-b5947c5d21ba of framework d28fbae1-c3dc-45fa-8384-32ab9395a975-0000
I1110 01:20:21.870568 29730 slave.cpp:787] Agent terminating
I1110 01:20:21.870795 29732 master.cpp:1258] Agent d28fbae1-c3dc-45fa-8384-32ab9395a975-S0 at slave(571)@172.17.0.3:52462 (3a31be8bf679) disconnected
I1110 01:20:21.870825 29732 master.cpp:2977] Disconnecting agent d28fbae1-c3dc-45fa-8384-32ab9395a975-S0 at slave(571)@172.17.0.3:52462 (3a31be8bf679)
I1110 01:20:21.870930 29732 master.cpp:2996] Deactivating agent d28fbae1-c3dc-45fa-8384-32ab9395a975-S0 at slave(571)@172.17.0.3:52462 (3a31be8bf679)
I1110 01:20:21.871158 29726 hierarchical.cpp:584] Agent d28fbae1-c3dc-45fa-8384-32ab9395a975-S0 deactivated
I1110 01:20:21.876986 29733 master.cpp:1097] Master terminating
I1110 01:20:21.877754 29724 hierarchical.cpp:517] Removed agent d28fbae1-c3dc-45fa-8384-32ab9395a975-S0
[  FAILED  ] MesosContainerizer/DefaultExecutorTest.KillTask/0, where GetParam() = ""mesos"" (10406 ms)
{noformat}"	MESOS	Resolved	3	1	2531	flaky, mesosphere, newbie
13005024	Remove stout's Set type	"stout provides a {{Set}} type which wraps a {{std::set}}. As only addition it provides new constructors,
{code}
Set(const T& t1);
Set(const T& t1, const T& t2);
Set(const T& t1, const T& t2, const T& t3);
Set(const T& t1, const T& t2, const T& t3, const T& t4);
{code}
which simplified creation of a {{Set}} from (up to four) known elements.

C++11 brought {{std::initializer_list}} which can be used to create a {{std::set}} from an arbitrary number of elements, so it appears that it should be possible to retire {{Set}}."	MESOS	Resolved	4	1	2531	tech-debt
13216221	Reviewbot jenkins jobs stops validating any reviews as soon as it sees a patch which does not apply	"The reviewbot Jenkins setup fetches all Mesos reviews since some time stamp, filters that list down to reviews which need to be validated, and then one by one validates each of the remaining review requests.

In doing that it applies patches with {{support/apply-reviews.py}} which is invoked by shelling out wth a function {{shell}} in {{support/verify-reviews.py}}. If that function sees any error from the shell command {{exit(1)}} is called which immediately terminates the Jenkins job.

As {{support/apply-reviews.py}} can fail if a patch does not apply cleanly anymore this means that any review requests which cannot be applied can largely disable reviewbot.

We should avoid calling {{exit}} in low-level functions in {{support/verify-reviews.py}} and instead bubble the error up to be handled at a larger scope. It looks like the script was alreadt designed to handle exceptions which might work much better here."	MESOS	Resolved	1	1	2531	integration, mesosphere
13028076	CniIsolatorTest.ROOT_EnvironmentLibprocessIP fails on systems using dash as sh	"On systems using {{dash}} as default shell (e.g., Debian, Ubuntu) {{CniIsolatorTest.ROOT_EnvironmentLibprocessIP}} often fails with

{noformat}
[ RUN      ] CniIsolatorTest.ROOT_EnvironmentLibprocessIP
I1214 05:04:11.653625 24102 cluster.cpp:160] Creating default 'local' authorizer
I1214 05:04:11.654268 24118 master.cpp:380] Master cf36e3a9-60fb-4885-8145-831ca6998263 (ip-172-16-10-182.mesosphere.io) started on 172.16.10.182:60883
I1214 05:04:11.654281 24118 master.cpp:382] Flags at startup: --acls="""" --agent_ping_timeout=""15secs"" --agent_reregister_timeout=""10mins"" --allocation_interval=""1secs"" --allocator=""HierarchicalDRF"" --authenticate_agents=""true"" --authenticate_frameworks=""true"" --authenticate_http_frameworks=""true"" --authenticate_http_readonly=""true"" --authenticate_http_readwrite=""true"" --authenticators=""crammd5"" --authorizers=""local"" --credentials=""/mnt/teamcity/temp/buildTmp/qEaG50/credentials"" --framework_sorter=""drf"" --help=""false"" --hostname_lookup=""true"" --http_authenticators=""basic"" --http_framework_authenticators=""basic"" --initialize_driver_logging=""true"" --log_auto_initialize=""true"" --logbufsecs=""0"" --logging_level=""INFO"" --max_agent_ping_timeouts=""5"" --max_completed_frameworks=""50"" --max_completed_tasks_per_framework=""1000"" --quiet=""false"" --recovery_agent_removal_limit=""100%"" --registry=""in_memory"" --registry_fetch_timeout=""1mins"" --registry_gc_interval=""15mins"" --registry_max_agent_age=""2weeks"" --registry_max_agent_count=""102400"" --registry_store_timeout=""100secs"" --registry_strict=""false"" --root_submissions=""true"" --user_sorter=""drf"" --version=""false"" --webui_dir=""/usr/local/share/mesos/webui"" --work_dir=""/mnt/teamcity/temp/buildTmp/qEaG50/master"" --zk_session_timeout=""10secs""
I1214 05:04:11.654422 24118 master.cpp:432] Master only allowing authenticated frameworks to register
I1214 05:04:11.654428 24118 master.cpp:446] Master only allowing authenticated agents to register
I1214 05:04:11.654431 24118 master.cpp:459] Master only allowing authenticated HTTP frameworks to register
I1214 05:04:11.654434 24118 credentials.hpp:37] Loading credentials for authentication from '/mnt/teamcity/temp/buildTmp/qEaG50/credentials'
I1214 05:04:11.654512 24118 master.cpp:504] Using default 'crammd5' authenticator
I1214 05:04:11.654549 24118 http.cpp:922] Using default 'basic' HTTP authenticator for realm 'mesos-master-readonly'
I1214 05:04:11.654598 24118 http.cpp:922] Using default 'basic' HTTP authenticator for realm 'mesos-master-readwrite'
I1214 05:04:11.654669 24118 http.cpp:922] Using default 'basic' HTTP authenticator for realm 'mesos-master-scheduler'
I1214 05:04:11.654706 24118 master.cpp:584] Authorization enabled
I1214 05:04:11.654785 24119 hierarchical.cpp:149] Initialized hierarchical allocator process
I1214 05:04:11.654793 24123 whitelist_watcher.cpp:77] No whitelist given
I1214 05:04:11.655488 24123 master.cpp:2045] Elected as the leading master!
I1214 05:04:11.655498 24123 master.cpp:1568] Recovering from registrar
I1214 05:04:11.655591 24116 registrar.cpp:329] Recovering registrar
I1214 05:04:11.655776 24122 registrar.cpp:362] Successfully fetched the registry (0B) in 163072ns
I1214 05:04:11.655800 24122 registrar.cpp:461] Applied 1 operations in 2760ns; attempting to update the registry
I1214 05:04:11.655972 24118 registrar.cpp:506] Successfully updated the registry in 156928ns
I1214 05:04:11.656020 24118 registrar.cpp:392] Successfully recovered registrar
I1214 05:04:11.656093 24118 master.cpp:1684] Recovered 0 agents from the registry (174B); allowing 10mins for agents to re-register
I1214 05:04:11.656112 24120 hierarchical.cpp:176] Skipping recovery of hierarchical allocator: nothing to recover
I1214 05:04:11.657594 24102 containerizer.cpp:220] Using isolation: network/cni,filesystem/posix
I1214 05:04:11.660497 24102 linux_launcher.cpp:150] Using /sys/fs/cgroup/freezer as the freezer hierarchy for the Linux launcher
I1214 05:04:11.661574 24102 cluster.cpp:446] Creating default 'local' authorizer
I1214 05:04:11.661927 24119 slave.cpp:209] Mesos agent started on (576)@172.16.10.182:60883
I1214 05:04:11.661937 24119 slave.cpp:210] Flags at startup: --acls="""" --appc_simple_discovery_uri_prefix=""http://"" --appc_store_dir=""/mnt/teamcity/temp/buildTmp/mesos/store/appc"" --authenticate_http_readonly=""true"" --authenticate_http_readwrite=""true"" --authenticatee=""crammd5"" --authentication_backoff_factor=""1secs"" --authorizer=""local"" --cgroups_cpu_enable_pids_and_tids_count=""false"" --cgroups_enable_cfs=""false"" --cgroups_hierarchy=""/sys/fs/cgroup"" --cgroups_limit_swap=""false"" --cgroups_root=""mesos"" --container_disk_watch_interval=""15secs"" --containerizers=""mesos"" --credential=""/mnt/teamcity/temp/buildTmp/CniIsolatorTest_ROOT_EnvironmentLibprocessIP_kPcBAv/credential"" --default_role=""*"" --disk_watch_interval=""1mins"" --docker=""docker"" --docker_kill_orphans=""true"" --docker_registry=""https://registry-1.docker.io"" --docker_remove_delay=""6hrs"" --docker_socket=""/var/run/docker.sock"" --docker_stop_timeout=""0ns"" --docker_store_dir=""/mnt/teamcity/temp/buildTmp/mesos/store/docker"" --docker_volume_checkpoint_dir=""/var/run/mesos/isolators/docker/volume"" --enforce_container_disk_quota=""false"" --executor_registration_timeout=""1mins"" --executor_shutdown_grace_period=""5secs"" --fetcher_cache_dir=""/mnt/teamcity/temp/buildTmp/CniIsolatorTest_ROOT_EnvironmentLibprocessIP_kPcBAv/fetch"" --fetcher_cache_size=""2GB"" --frameworks_home="""" --gc_delay=""1weeks"" --gc_disk_headroom=""0.1"" --hadoop_home="""" --help=""false"" --hostname_lookup=""true"" --http_authenticators=""basic"" --http_command_executor=""false"" --http_credentials=""/mnt/teamcity/temp/buildTmp/CniIsolatorTest_ROOT_EnvironmentLibprocessIP_kPcBAv/http_credentials"" --http_heartbeat_interval=""30secs"" --image_provisioner_backend=""copy"" --initialize_driver_logging=""true"" --isolation=""network/cni"" --launcher=""linux"" --launcher_dir=""/mnt/teamcity/work/4240ba9ddd0997c3/build/src"" --logbufsecs=""0"" --logging_level=""INFO"" --max_completed_executors_per_framework=""150"" --network_cni_config_dir=""/mnt/teamcity/temp/buildTmp/qEaG50/configs"" --network_cni_plugins_dir=""/mnt/teamcity/temp/buildTmp/qEaG50/plugins"" --oversubscribed_resources_interval=""15secs"" --perf_duration=""10secs"" --perf_interval=""1mins"" --qos_correction_interval_min=""0ns"" --quiet=""false"" --recover=""reconnect"" --recovery_timeout=""15mins"" --registration_backoff_factor=""10ms"" --resources=""cpus:2;gpus:0;mem:1024;disk:1024;ports:[31000-32000]"" --revocable_cpu_low_priority=""true"" --runtime_dir=""/mnt/teamcity/temp/buildTmp/CniIsolatorTest_ROOT_EnvironmentLibprocessIP_kPcBAv"" --sandbox_directory=""/mnt/mesos/sandbox"" --strict=""true"" --switch_user=""true"" --systemd_enable_support=""true"" --systemd_runtime_directory=""/run/systemd/system"" --version=""false"" --work_dir=""/mnt/teamcity/temp/buildTmp/CniIsolatorTest_ROOT_EnvironmentLibprocessIP_dqz8kg""
I1214 05:04:11.662156 24119 credentials.hpp:86] Loading credential for authentication from '/mnt/teamcity/temp/buildTmp/CniIsolatorTest_ROOT_EnvironmentLibprocessIP_kPcBAv/credential'
I1214 05:04:11.662252 24119 slave.cpp:352] Agent using credential for: test-principal
I1214 05:04:11.662262 24119 credentials.hpp:37] Loading credentials for authentication from '/mnt/teamcity/temp/buildTmp/CniIsolatorTest_ROOT_EnvironmentLibprocessIP_kPcBAv/http_credentials'
I1214 05:04:11.662319 24119 http.cpp:922] Using default 'basic' HTTP authenticator for realm 'mesos-agent-readonly'
I1214 05:04:11.662350 24119 http.cpp:922] Using default 'basic' HTTP authenticator for realm 'mesos-agent-readwrite'
I1214 05:04:11.662586 24102 sched.cpp:232] Version: 1.2.0
I1214 05:04:11.662672 24119 slave.cpp:539] Agent resources: cpus(*):2; mem(*):1024; disk(*):1024; ports(*):[31000-32000]
I1214 05:04:11.662709 24119 slave.cpp:547] Agent attributes: [  ]
I1214 05:04:11.662716 24121 sched.cpp:336] New master detected at master@172.16.10.182:60883
I1214 05:04:11.662717 24119 slave.cpp:552] Agent hostname: ip-172-16-10-182.mesosphere.io
I1214 05:04:11.662739 24121 sched.cpp:402] Authenticating with master master@172.16.10.182:60883
I1214 05:04:11.662744 24121 sched.cpp:409] Using default CRAM-MD5 authenticatee
I1214 05:04:11.662809 24120 authenticatee.cpp:121] Creating new client SASL connection
I1214 05:04:11.662976 24116 master.cpp:6748] Authenticating scheduler-dfbb45a6-1912-4912-acac-b4fb87c28181@172.16.10.182:60883
I1214 05:04:11.663029 24120 authenticator.cpp:414] Starting authentication session for crammd5-authenticatee(1172)@172.16.10.182:60883
I1214 05:04:11.663045 24121 state.cpp:57] Recovering state from '/mnt/teamcity/temp/buildTmp/CniIsolatorTest_ROOT_EnvironmentLibprocessIP_dqz8kg/meta'
I1214 05:04:11.663202 24119 status_update_manager.cpp:203] Recovering status update manager
I1214 05:04:11.663219 24120 authenticator.cpp:98] Creating new server SASL connection
I1214 05:04:11.663321 24119 containerizer.cpp:594] Recovering containerizer
I1214 05:04:11.663372 24119 authenticatee.cpp:213] Received SASL authentication mechanisms: CRAM-MD5
I1214 05:04:11.663388 24119 authenticatee.cpp:239] Attempting to authenticate with mechanism 'CRAM-MD5'
I1214 05:04:11.663450 24120 authenticator.cpp:204] Received SASL authentication start
I1214 05:04:11.663487 24120 authenticator.cpp:326] Authentication requires more steps
I1214 05:04:11.663533 24120 authenticatee.cpp:259] Received SASL authentication step
I1214 05:04:11.663609 24122 authenticator.cpp:232] Received SASL authentication step
I1214 05:04:11.663625 24122 auxprop.cpp:109] Request to lookup properties for user: 'test-principal' realm: 'ip-172-16-10-182.mesosphere.io' server FQDN: 'ip-172-16-10-182.mesosphere.io' SASL_AUXPROP_VERIFY_AGAINST_HASH: false SASL_AUXPROP_OVERRIDE: false SASL_AUXPROP_AUTHZID: false 
I1214 05:04:11.663630 24122 auxprop.cpp:181] Looking up auxiliary property '*userPassword'
I1214 05:04:11.663635 24122 auxprop.cpp:181] Looking up auxiliary property '*cmusaslsecretCRAM-MD5'
I1214 05:04:11.663642 24122 auxprop.cpp:109] Request to lookup properties for user: 'test-principal' realm: 'ip-172-16-10-182.mesosphere.io' server FQDN: 'ip-172-16-10-182.mesosphere.io' SASL_AUXPROP_VERIFY_AGAINST_HASH: false SASL_AUXPROP_OVERRIDE: false SASL_AUXPROP_AUTHZID: true 
I1214 05:04:11.663646 24122 auxprop.cpp:131] Skipping auxiliary property '*userPassword' since SASL_AUXPROP_AUTHZID == true
I1214 05:04:11.663650 24122 auxprop.cpp:131] Skipping auxiliary property '*cmusaslsecretCRAM-MD5' since SASL_AUXPROP_AUTHZID == true
I1214 05:04:11.663657 24122 authenticator.cpp:318] Authentication success
I1214 05:04:11.663708 24122 authenticatee.cpp:299] Authentication success
I1214 05:04:11.663739 24120 authenticator.cpp:432] Authentication session cleanup for crammd5-authenticatee(1172)@172.16.10.182:60883
I1214 05:04:11.663797 24118 master.cpp:6778] Successfully authenticated principal 'test-principal' at scheduler-dfbb45a6-1912-4912-acac-b4fb87c28181@172.16.10.182:60883
I1214 05:04:11.663831 24122 sched.cpp:508] Successfully authenticated with master master@172.16.10.182:60883
I1214 05:04:11.663841 24122 sched.cpp:826] Sending SUBSCRIBE call to master@172.16.10.182:60883
I1214 05:04:11.663913 24122 sched.cpp:859] Will retry registration in 1.01884683secs if necessary
I1214 05:04:11.663961 24116 master.cpp:2633] Received SUBSCRIBE call for framework 'default' at scheduler-dfbb45a6-1912-4912-acac-b4fb87c28181@172.16.10.182:60883
I1214 05:04:11.663985 24116 master.cpp:2081] Authorizing framework principal 'test-principal' to receive offers for role '*'
I1214 05:04:11.664217 24116 master.cpp:2709] Subscribing framework default with checkpointing disabled and capabilities [  ]
I1214 05:04:11.664366 24117 sched.cpp:749] Framework registered with cf36e3a9-60fb-4885-8145-831ca6998263-0000
I1214 05:04:11.664367 24119 hierarchical.cpp:276] Added framework cf36e3a9-60fb-4885-8145-831ca6998263-0000
I1214 05:04:11.664393 24117 sched.cpp:763] Scheduler::registered took 9855ns
I1214 05:04:11.664402 24119 hierarchical.cpp:1689] No allocations performed
I1214 05:04:11.664409 24119 hierarchical.cpp:1784] No inverse offers to send out!
I1214 05:04:11.664417 24119 hierarchical.cpp:1291] Performed allocation for 0 agents in 23024ns
I1214 05:04:11.664438 24116 provisioner.cpp:253] Provisioner recovery complete
I1214 05:04:11.664584 24121 slave.cpp:5420] Finished recovery
I1214 05:04:11.664744 24121 slave.cpp:5594] Querying resource estimator for oversubscribable resources
I1214 05:04:11.664862 24122 slave.cpp:924] New master detected at master@172.16.10.182:60883
I1214 05:04:11.664870 24118 status_update_manager.cpp:177] Pausing sending status updates
I1214 05:04:11.664877 24122 slave.cpp:983] Authenticating with master master@172.16.10.182:60883
I1214 05:04:11.664893 24122 slave.cpp:994] Using default CRAM-MD5 authenticatee
I1214 05:04:11.664923 24122 slave.cpp:956] Detecting new master
I1214 05:04:11.664952 24123 authenticatee.cpp:121] Creating new client SASL connection
I1214 05:04:11.664979 24122 slave.cpp:5608] Received oversubscribable resources {} from the resource estimator
I1214 05:04:11.665102 24123 master.cpp:6748] Authenticating slave(576)@172.16.10.182:60883
I1214 05:04:11.665148 24116 authenticator.cpp:414] Starting authentication session for crammd5-authenticatee(1173)@172.16.10.182:60883
I1214 05:04:11.665217 24116 authenticator.cpp:98] Creating new server SASL connection
I1214 05:04:11.665410 24116 authenticatee.cpp:213] Received SASL authentication mechanisms: CRAM-MD5
I1214 05:04:11.665427 24116 authenticatee.cpp:239] Attempting to authenticate with mechanism 'CRAM-MD5'
I1214 05:04:11.665475 24116 authenticator.cpp:204] Received SASL authentication start
I1214 05:04:11.665504 24116 authenticator.cpp:326] Authentication requires more steps
I1214 05:04:11.665547 24116 authenticatee.cpp:259] Received SASL authentication step
I1214 05:04:11.665601 24116 authenticator.cpp:232] Received SASL authentication step
I1214 05:04:11.665616 24116 auxprop.cpp:109] Request to lookup properties for user: 'test-principal' realm: 'ip-172-16-10-182.mesosphere.io' server FQDN: 'ip-172-16-10-182.mesosphere.io' SASL_AUXPROP_VERIFY_AGAINST_HASH: false SASL_AUXPROP_OVERRIDE: false SASL_AUXPROP_AUTHZID: false 
I1214 05:04:11.665622 24116 auxprop.cpp:181] Looking up auxiliary property '*userPassword'
I1214 05:04:11.665632 24116 auxprop.cpp:181] Looking up auxiliary property '*cmusaslsecretCRAM-MD5'
I1214 05:04:11.665643 24116 auxprop.cpp:109] Request to lookup properties for user: 'test-principal' realm: 'ip-172-16-10-182.mesosphere.io' server FQDN: 'ip-172-16-10-182.mesosphere.io' SASL_AUXPROP_VERIFY_AGAINST_HASH: false SASL_AUXPROP_OVERRIDE: false SASL_AUXPROP_AUTHZID: true 
I1214 05:04:11.665652 24116 auxprop.cpp:131] Skipping auxiliary property '*userPassword' since SASL_AUXPROP_AUTHZID == true
I1214 05:04:11.665657 24116 auxprop.cpp:131] Skipping auxiliary property '*cmusaslsecretCRAM-MD5' since SASL_AUXPROP_AUTHZID == true
I1214 05:04:11.665668 24116 authenticator.cpp:318] Authentication success
I1214 05:04:11.665733 24119 authenticatee.cpp:299] Authentication success
I1214 05:04:11.665763 24116 master.cpp:6778] Successfully authenticated principal 'test-principal' at slave(576)@172.16.10.182:60883
I1214 05:04:11.665784 24121 authenticator.cpp:432] Authentication session cleanup for crammd5-authenticatee(1173)@172.16.10.182:60883
I1214 05:04:11.665923 24120 slave.cpp:1078] Successfully authenticated with master master@172.16.10.182:60883
